src/app/coverage/CoverageGrid.tsx(129,24): error TS2304: Cannot find name 'MOCK_DRUGS'.
src/app/coverage/CoverageGrid.tsx(129,42): error TS7006: Parameter 'd' implicitly has an 'any' type.
src/app/coverage/CoverageGrid.tsx(148,19): error TS2304: Cannot find name 'MOCK_COVERAGE'.
src/app/dashboard/page.tsx(72,23): error TS2322: Type '{ documents: any[]; }' is not assignable to type 'IntrinsicAttributes'.
  Property 'documents' does not exist on type 'IntrinsicAttributes'.
